<?xml version="1.0" encoding="UTF-8"?>
<testsuites name="jest tests" tests="1" failures="0" errors="0" time="2.481">
  <testsuite name="undefined" errors="0" failures="0" skipped="0" timestamp="2024-06-04T09:44:24" time="2.231" tests="1">
    <testcase classname=" test increment function" name=" test increment function" time="0.008">
    </testcase>
  </testsuite>
</testsuites>